// Jest Snapshot v1, https://goo.gl/fbAQLP

exports[`InputText renders properly 1`] = `
ShallowWrapper {
  "length": 1,
  Symbol(enzyme.__root__): [Circular],
  Symbol(enzyme.__unrendered__): <InputText
    autocapsformat={false}
  />,
  Symbol(enzyme.__renderer__): Object {
    "batchedUpdates": [Function],
    "getNode": [Function],
    "render": [Function],
    "simulateEvent": [Function],
    "unmount": [Function],
  },
  Symbol(enzyme.__node__): Object {
    "instance": null,
    "key": undefined,
    "nodeType": "class",
    "props": Object {
      "children": Array [
        <input
          aria-label={undefined}
          aria-required={undefined}
          data-required={undefined}
          data-test-id={undefined}
          id={undefined}
          maxLength={undefined}
          name={undefined}
          onChange={[Function]}
          onClick={[Function]}
          onKeyPress={[Function]}
          onKeyUp={[Function]}
          placeholder={undefined}
          readOnly={undefined}
          tabIndex={0}
          type={undefined}
          value=""
        />,
        undefined,
      ],
    },
    "ref": null,
    "rendered": Array [
      Object {
        "instance": null,
        "key": undefined,
        "nodeType": "host",
        "props": Object {
          "aria-label": undefined,
          "aria-required": undefined,
          "data-required": undefined,
          "data-test-id": undefined,
          "id": undefined,
          "maxLength": undefined,
          "name": undefined,
          "onChange": [Function],
          "onClick": [Function],
          "onKeyPress": [Function],
          "onKeyUp": [Function],
          "placeholder": undefined,
          "readOnly": undefined,
          "tabIndex": 0,
          "type": undefined,
          "value": "",
        },
        "ref": null,
        "rendered": null,
        "type": "input",
      },
      undefined,
    ],
    "type": [Function],
  },
  Symbol(enzyme.__nodes__): Array [
    Object {
      "instance": null,
      "key": undefined,
      "nodeType": "class",
      "props": Object {
        "children": Array [
          <input
            aria-label={undefined}
            aria-required={undefined}
            data-required={undefined}
            data-test-id={undefined}
            id={undefined}
            maxLength={undefined}
            name={undefined}
            onChange={[Function]}
            onClick={[Function]}
            onKeyPress={[Function]}
            onKeyUp={[Function]}
            placeholder={undefined}
            readOnly={undefined}
            tabIndex={0}
            type={undefined}
            value=""
          />,
          undefined,
        ],
      },
      "ref": null,
      "rendered": Array [
        Object {
          "instance": null,
          "key": undefined,
          "nodeType": "host",
          "props": Object {
            "aria-label": undefined,
            "aria-required": undefined,
            "data-required": undefined,
            "data-test-id": undefined,
            "id": undefined,
            "maxLength": undefined,
            "name": undefined,
            "onChange": [Function],
            "onClick": [Function],
            "onKeyPress": [Function],
            "onKeyUp": [Function],
            "placeholder": undefined,
            "readOnly": undefined,
            "tabIndex": 0,
            "type": undefined,
            "value": "",
          },
          "ref": null,
          "rendered": null,
          "type": "input",
        },
        undefined,
      ],
      "type": [Function],
    },
  ],
  Symbol(enzyme.__options__): Object {
    "adapter": ReactSixteenAdapter {
      "options": Object {
        "enableComponentDidUpdateOnSetState": true,
      },
    },
  },
}
`;
