// Jest Snapshot v1, https://goo.gl/fbAQLP

exports[`Modal renders properly 1`] = `
ShallowWrapper {
  "length": 1,
  Symbol(enzyme.__root__): [Circular],
  Symbol(enzyme.__unrendered__): <Modal
    disableCancel={true}
    disableSend={true}
  />,
  Symbol(enzyme.__renderer__): Object {
    "batchedUpdates": [Function],
    "getNode": [Function],
    "render": [Function],
    "simulateEvent": [Function],
    "unmount": [Function],
  },
  Symbol(enzyme.__node__): Object {
    "instance": null,
    "key": undefined,
    "nodeType": "class",
    "props": Object {
      "children": <styled.div
        addAnimation={undefined}
        height={undefined}
        role="dialog"
        tabIndex={0}
        title="feedbackModal"
        width={undefined}
      >
        <styled.div>
          <Heading
            aria-label={undefined}
            level="2"
            tabIndex={0}
          />
          <styled.a
            href="javascript:void(0)"
            onClick={[Function]}
            onKeyPress={[Function]}
            tabIndex={0}
            title="Close"
          >
            <Icon
              color="#8e8e8e"
              iconName="Cross"
            />
          </styled.a>
        </styled.div>
        <styled.hr />
        <styled.div />
        <styled.div />
      </styled.div>,
    },
    "ref": null,
    "rendered": Object {
      "instance": null,
      "key": undefined,
      "nodeType": "class",
      "props": Object {
        "addAnimation": undefined,
        "children": Array [
          <styled.div>
            <Heading
              aria-label={undefined}
              level="2"
              tabIndex={0}
            />
            <styled.a
              href="javascript:void(0)"
              onClick={[Function]}
              onKeyPress={[Function]}
              tabIndex={0}
              title="Close"
            >
              <Icon
                color="#8e8e8e"
                iconName="Cross"
              />
            </styled.a>
          </styled.div>,
          <styled.hr />,
          <styled.div />,
          <styled.div />,
        ],
        "height": undefined,
        "role": "dialog",
        "tabIndex": 0,
        "title": "feedbackModal",
        "width": undefined,
      },
      "ref": "modalCmp",
      "rendered": Array [
        Object {
          "instance": null,
          "key": undefined,
          "nodeType": "class",
          "props": Object {
            "children": Array [
              <Heading
                aria-label={undefined}
                level="2"
                tabIndex={0}
              />,
              <styled.a
                href="javascript:void(0)"
                onClick={[Function]}
                onKeyPress={[Function]}
                tabIndex={0}
                title="Close"
              >
                <Icon
                  color="#8e8e8e"
                  iconName="Cross"
                />
              </styled.a>,
            ],
          },
          "ref": null,
          "rendered": Array [
            Object {
              "instance": null,
              "key": undefined,
              "nodeType": "function",
              "props": Object {
                "aria-label": undefined,
                "children": undefined,
                "level": "2",
                "tabIndex": 0,
              },
              "ref": null,
              "rendered": null,
              "type": [Function],
            },
            Object {
              "instance": null,
              "key": undefined,
              "nodeType": "class",
              "props": Object {
                "children": <Icon
                  color="#8e8e8e"
                  iconName="Cross"
                />,
                "href": "javascript:void(0)",
                "onClick": [Function],
                "onKeyPress": [Function],
                "tabIndex": 0,
                "title": "Close",
              },
              "ref": null,
              "rendered": Object {
                "instance": null,
                "key": undefined,
                "nodeType": "host",
                "props": Object {
                  "color": "#8e8e8e",
                  "iconName": "Cross",
                },
                "ref": null,
                "rendered": null,
                "type": "Icon",
              },
              "type": [Function],
            },
          ],
          "type": [Function],
        },
        Object {
          "instance": null,
          "key": undefined,
          "nodeType": "class",
          "props": Object {},
          "ref": null,
          "rendered": null,
          "type": [Function],
        },
        Object {
          "instance": null,
          "key": undefined,
          "nodeType": "class",
          "props": Object {
            "children": undefined,
          },
          "ref": null,
          "rendered": null,
          "type": [Function],
        },
        Object {
          "instance": null,
          "key": undefined,
          "nodeType": "class",
          "props": Object {
            "children": Array [
              null,
              null,
            ],
          },
          "ref": null,
          "rendered": Array [
            null,
            null,
          ],
          "type": [Function],
        },
      ],
      "type": [Function],
    },
    "type": [Function],
  },
  Symbol(enzyme.__nodes__): Array [
    Object {
      "instance": null,
      "key": undefined,
      "nodeType": "class",
      "props": Object {
        "children": <styled.div
          addAnimation={undefined}
          height={undefined}
          role="dialog"
          tabIndex={0}
          title="feedbackModal"
          width={undefined}
        >
          <styled.div>
            <Heading
              aria-label={undefined}
              level="2"
              tabIndex={0}
            />
            <styled.a
              href="javascript:void(0)"
              onClick={[Function]}
              onKeyPress={[Function]}
              tabIndex={0}
              title="Close"
            >
              <Icon
                color="#8e8e8e"
                iconName="Cross"
              />
            </styled.a>
          </styled.div>
          <styled.hr />
          <styled.div />
          <styled.div />
        </styled.div>,
      },
      "ref": null,
      "rendered": Object {
        "instance": null,
        "key": undefined,
        "nodeType": "class",
        "props": Object {
          "addAnimation": undefined,
          "children": Array [
            <styled.div>
              <Heading
                aria-label={undefined}
                level="2"
                tabIndex={0}
              />
              <styled.a
                href="javascript:void(0)"
                onClick={[Function]}
                onKeyPress={[Function]}
                tabIndex={0}
                title="Close"
              >
                <Icon
                  color="#8e8e8e"
                  iconName="Cross"
                />
              </styled.a>
            </styled.div>,
            <styled.hr />,
            <styled.div />,
            <styled.div />,
          ],
          "height": undefined,
          "role": "dialog",
          "tabIndex": 0,
          "title": "feedbackModal",
          "width": undefined,
        },
        "ref": "modalCmp",
        "rendered": Array [
          Object {
            "instance": null,
            "key": undefined,
            "nodeType": "class",
            "props": Object {
              "children": Array [
                <Heading
                  aria-label={undefined}
                  level="2"
                  tabIndex={0}
                />,
                <styled.a
                  href="javascript:void(0)"
                  onClick={[Function]}
                  onKeyPress={[Function]}
                  tabIndex={0}
                  title="Close"
                >
                  <Icon
                    color="#8e8e8e"
                    iconName="Cross"
                  />
                </styled.a>,
              ],
            },
            "ref": null,
            "rendered": Array [
              Object {
                "instance": null,
                "key": undefined,
                "nodeType": "function",
                "props": Object {
                  "aria-label": undefined,
                  "children": undefined,
                  "level": "2",
                  "tabIndex": 0,
                },
                "ref": null,
                "rendered": null,
                "type": [Function],
              },
              Object {
                "instance": null,
                "key": undefined,
                "nodeType": "class",
                "props": Object {
                  "children": <Icon
                    color="#8e8e8e"
                    iconName="Cross"
                  />,
                  "href": "javascript:void(0)",
                  "onClick": [Function],
                  "onKeyPress": [Function],
                  "tabIndex": 0,
                  "title": "Close",
                },
                "ref": null,
                "rendered": Object {
                  "instance": null,
                  "key": undefined,
                  "nodeType": "host",
                  "props": Object {
                    "color": "#8e8e8e",
                    "iconName": "Cross",
                  },
                  "ref": null,
                  "rendered": null,
                  "type": "Icon",
                },
                "type": [Function],
              },
            ],
            "type": [Function],
          },
          Object {
            "instance": null,
            "key": undefined,
            "nodeType": "class",
            "props": Object {},
            "ref": null,
            "rendered": null,
            "type": [Function],
          },
          Object {
            "instance": null,
            "key": undefined,
            "nodeType": "class",
            "props": Object {
              "children": undefined,
            },
            "ref": null,
            "rendered": null,
            "type": [Function],
          },
          Object {
            "instance": null,
            "key": undefined,
            "nodeType": "class",
            "props": Object {
              "children": Array [
                null,
                null,
              ],
            },
            "ref": null,
            "rendered": Array [
              null,
              null,
            ],
            "type": [Function],
          },
        ],
        "type": [Function],
      },
      "type": [Function],
    },
  ],
  Symbol(enzyme.__options__): Object {
    "adapter": ReactSixteenAdapter {
      "options": Object {
        "enableComponentDidUpdateOnSetState": true,
      },
    },
  },
}
`;
