// Jest Snapshot v1, https://goo.gl/fbAQLP

exports[`Card renders properly 1`] = `
ShallowWrapper {
  "length": 1,
  Symbol(enzyme.__root__): [Circular],
  Symbol(enzyme.__unrendered__): <CardSearchList
    cardlist={
      Object {
        "cards": Array [
          Object {
            "activationRequired": false,
            "cardSetID": "4072200010054642",
            "category": "CREDIT",
            "designCode": "0",
            "eligibleFor": Array [
              "AppleWalletProvisioning",
              "CardActivation",
              "SetPin",
              "ShowTC",
            ],
            "name": "MR PATRICK GLEN WILKINS",
            "number": "4072200010054642",
            "primary": true,
            "productCode": "PCP",
            "productSubCode": "008",
            "reissued": false,
            "status": "",
            "type": "ANZ Frequent Flyer Platinum Visa",
          },
          Object {
            "activationRequired": false,
            "cardSetID": "4622397029822304",
            "category": "DEBIT",
            "designCode": "0",
            "eligibleFor": Array [
              "CardActivation",
              "ShowTC",
              "SetPin",
            ],
            "name": "MR PATRICK GLEN WILKINS",
            "number": "4622397029822304",
            "primary": true,
            "productCode": "PCP",
            "productSubCode": "061",
            "reissued": false,
            "status": "",
            "type": "ANZ Frequent Flyer Platinum Visa",
          },
          Object {
            "activationRequired": false,
            "cardSetID": "5432397029822001",
            "category": "CREDIT",
            "designCode": "0",
            "eligibleFor": Array [
              "CardActivation",
              "SetPin",
              "ShowTC",
            ],
            "name": "MR PATRICK GLEN WILKINS",
            "number": "5432397029822001",
            "primary": true,
            "productCode": "PCP",
            "productSubCode": "061",
            "reissued": false,
            "status": "",
            "type": "ANZ Frequent Flyer Platinum Master Card",
          },
        ],
        "cardsNonEligible": Array [
          Object {
            "activationRequired": false,
            "cardSetID": "4072200010054642",
            "category": "CREDIT",
            "designCode": "0",
            "eligibleFor": Array [
              "AppleWalletProvisioning",
              "CardActivation",
              "ShowTC",
            ],
            "name": "MR PATRICK GLEN WILKINS",
            "number": "4072200010054642",
            "primary": true,
            "productCode": "PCP",
            "productSubCode": "008",
            "reissued": false,
            "status": "",
            "type": "ANZ Frequent Flyer Platinum Visa",
          },
          Object {
            "activationRequired": false,
            "cardSetID": "4622397029822304",
            "category": "DEBIT",
            "designCode": "0",
            "eligibleFor": Array [
              "CardActivation",
              "ShowTC",
              "SetPin",
            ],
            "name": "MR PATRICK GLEN WILKINS",
            "number": "4622397029822304",
            "primary": true,
            "productCode": "PCP",
            "productSubCode": "061",
            "reissued": false,
            "status": "",
            "type": "ANZ Frequent Flyer Platinum Visa",
          },
          Object {
            "activationRequired": false,
            "cardSetID": "5432397029822001",
            "category": "CREDIT",
            "designCode": "0",
            "eligibleFor": Array [
              "CardActivation",
              "ShowTC",
            ],
            "name": "MR PATRICK GLEN WILKINS",
            "number": "5432397029822001",
            "primary": true,
            "productCode": "PCP",
            "productSubCode": "061",
            "reissued": false,
            "status": "",
            "type": "ANZ Frequent Flyer Platinum Master Card",
          },
        ],
      }
    }
  />,
  Symbol(enzyme.__renderer__): Object {
    "batchedUpdates": [Function],
    "getNode": [Function],
    "render": [Function],
    "simulateEvent": [Function],
    "unmount": [Function],
  },
  Symbol(enzyme.__node__): Object {
    "instance": null,
    "key": undefined,
    "nodeType": "class",
    "props": Object {
      "children": Array [
        <styled.div>
          <styled.h3
            data-test-id="card-Search-Heading"
            proLight={true}
          >
            Select an eligible card below
          </styled.h3>
        </styled.div>,
        <styled.div>
          <styled.a>
            <Icon
              iconName="Search"
            />
          </styled.a>
          <InputText
            ariaLabel="search text input"
            ariaRequired={false}
            autocapsformat={false}
            data-test-id="card-search-input"
            id="card-search-input"
            inputValue=""
            name="card-search-input"
            onChange={[Function]}
            placeholderText="Filter by card name or number"
          />
        </styled.div>,
        <CardList
          cards={
            Array [
              Object {
                "activationRequired": false,
                "cardSetID": "4072200010054642",
                "category": "CREDIT",
                "designCode": "0",
                "eligibleFor": Array [
                  "AppleWalletProvisioning",
                  "CardActivation",
                  "SetPin",
                  "ShowTC",
                ],
                "name": "MR PATRICK GLEN WILKINS",
                "number": "4072200010054642",
                "primary": true,
                "productCode": "PCP",
                "productSubCode": "008",
                "reissued": false,
                "status": "",
                "type": "ANZ Frequent Flyer Platinum Visa",
              },
              Object {
                "activationRequired": false,
                "cardSetID": "4622397029822304",
                "category": "DEBIT",
                "designCode": "0",
                "eligibleFor": Array [
                  "CardActivation",
                  "ShowTC",
                  "SetPin",
                ],
                "name": "MR PATRICK GLEN WILKINS",
                "number": "4622397029822304",
                "primary": true,
                "productCode": "PCP",
                "productSubCode": "061",
                "reissued": false,
                "status": "",
                "type": "ANZ Frequent Flyer Platinum Visa",
              },
              Object {
                "activationRequired": false,
                "cardSetID": "5432397029822001",
                "category": "CREDIT",
                "designCode": "0",
                "eligibleFor": Array [
                  "CardActivation",
                  "SetPin",
                  "ShowTC",
                ],
                "name": "MR PATRICK GLEN WILKINS",
                "number": "5432397029822001",
                "primary": true,
                "productCode": "PCP",
                "productSubCode": "061",
                "reissued": false,
                "status": "",
                "type": "ANZ Frequent Flyer Platinum Master Card",
              },
            ]
          }
          handleCardSelection={undefined}
        />,
      ],
    },
    "ref": null,
    "rendered": Array [
      Object {
        "instance": null,
        "key": undefined,
        "nodeType": "class",
        "props": Object {
          "children": <styled.h3
            data-test-id="card-Search-Heading"
            proLight={true}
          >
            Select an eligible card below
          </styled.h3>,
        },
        "ref": null,
        "rendered": Object {
          "instance": null,
          "key": undefined,
          "nodeType": "class",
          "props": Object {
            "children": "Select an eligible card below",
            "data-test-id": "card-Search-Heading",
            "proLight": true,
          },
          "ref": null,
          "rendered": "Select an eligible card below",
          "type": [Function],
        },
        "type": [Function],
      },
      Object {
        "instance": null,
        "key": undefined,
        "nodeType": "class",
        "props": Object {
          "children": Array [
            <styled.a>
              <Icon
                iconName="Search"
              />
            </styled.a>,
            <InputText
              ariaLabel="search text input"
              ariaRequired={false}
              autocapsformat={false}
              data-test-id="card-search-input"
              id="card-search-input"
              inputValue=""
              name="card-search-input"
              onChange={[Function]}
              placeholderText="Filter by card name or number"
            />,
            null,
          ],
        },
        "ref": null,
        "rendered": Array [
          Object {
            "instance": null,
            "key": undefined,
            "nodeType": "class",
            "props": Object {
              "children": <Icon
                iconName="Search"
              />,
            },
            "ref": null,
            "rendered": Object {
              "instance": null,
              "key": undefined,
              "nodeType": "host",
              "props": Object {
                "iconName": "Search",
              },
              "ref": null,
              "rendered": null,
              "type": "Icon",
            },
            "type": [Function],
          },
          Object {
            "instance": null,
            "key": undefined,
            "nodeType": "class",
            "props": Object {
              "ariaLabel": "search text input",
              "ariaRequired": false,
              "autocapsformat": false,
              "data-test-id": "card-search-input",
              "id": "card-search-input",
              "inputValue": "",
              "name": "card-search-input",
              "onChange": [Function],
              "placeholderText": "Filter by card name or number",
            },
            "ref": null,
            "rendered": null,
            "type": [Function],
          },
          null,
        ],
        "type": [Function],
      },
      Object {
        "instance": null,
        "key": undefined,
        "nodeType": "class",
        "props": Object {
          "cards": Array [
            Object {
              "activationRequired": false,
              "cardSetID": "4072200010054642",
              "category": "CREDIT",
              "designCode": "0",
              "eligibleFor": Array [
                "AppleWalletProvisioning",
                "CardActivation",
                "SetPin",
                "ShowTC",
              ],
              "name": "MR PATRICK GLEN WILKINS",
              "number": "4072200010054642",
              "primary": true,
              "productCode": "PCP",
              "productSubCode": "008",
              "reissued": false,
              "status": "",
              "type": "ANZ Frequent Flyer Platinum Visa",
            },
            Object {
              "activationRequired": false,
              "cardSetID": "4622397029822304",
              "category": "DEBIT",
              "designCode": "0",
              "eligibleFor": Array [
                "CardActivation",
                "ShowTC",
                "SetPin",
              ],
              "name": "MR PATRICK GLEN WILKINS",
              "number": "4622397029822304",
              "primary": true,
              "productCode": "PCP",
              "productSubCode": "061",
              "reissued": false,
              "status": "",
              "type": "ANZ Frequent Flyer Platinum Visa",
            },
            Object {
              "activationRequired": false,
              "cardSetID": "5432397029822001",
              "category": "CREDIT",
              "designCode": "0",
              "eligibleFor": Array [
                "CardActivation",
                "SetPin",
                "ShowTC",
              ],
              "name": "MR PATRICK GLEN WILKINS",
              "number": "5432397029822001",
              "primary": true,
              "productCode": "PCP",
              "productSubCode": "061",
              "reissued": false,
              "status": "",
              "type": "ANZ Frequent Flyer Platinum Master Card",
            },
          ],
          "handleCardSelection": undefined,
        },
        "ref": null,
        "rendered": null,
        "type": [Function],
      },
    ],
    "type": [Function],
  },
  Symbol(enzyme.__nodes__): Array [
    Object {
      "instance": null,
      "key": undefined,
      "nodeType": "class",
      "props": Object {
        "children": Array [
          <styled.div>
            <styled.h3
              data-test-id="card-Search-Heading"
              proLight={true}
            >
              Select an eligible card below
            </styled.h3>
          </styled.div>,
          <styled.div>
            <styled.a>
              <Icon
                iconName="Search"
              />
            </styled.a>
            <InputText
              ariaLabel="search text input"
              ariaRequired={false}
              autocapsformat={false}
              data-test-id="card-search-input"
              id="card-search-input"
              inputValue=""
              name="card-search-input"
              onChange={[Function]}
              placeholderText="Filter by card name or number"
            />
          </styled.div>,
          <CardList
            cards={
              Array [
                Object {
                  "activationRequired": false,
                  "cardSetID": "4072200010054642",
                  "category": "CREDIT",
                  "designCode": "0",
                  "eligibleFor": Array [
                    "AppleWalletProvisioning",
                    "CardActivation",
                    "SetPin",
                    "ShowTC",
                  ],
                  "name": "MR PATRICK GLEN WILKINS",
                  "number": "4072200010054642",
                  "primary": true,
                  "productCode": "PCP",
                  "productSubCode": "008",
                  "reissued": false,
                  "status": "",
                  "type": "ANZ Frequent Flyer Platinum Visa",
                },
                Object {
                  "activationRequired": false,
                  "cardSetID": "4622397029822304",
                  "category": "DEBIT",
                  "designCode": "0",
                  "eligibleFor": Array [
                    "CardActivation",
                    "ShowTC",
                    "SetPin",
                  ],
                  "name": "MR PATRICK GLEN WILKINS",
                  "number": "4622397029822304",
                  "primary": true,
                  "productCode": "PCP",
                  "productSubCode": "061",
                  "reissued": false,
                  "status": "",
                  "type": "ANZ Frequent Flyer Platinum Visa",
                },
                Object {
                  "activationRequired": false,
                  "cardSetID": "5432397029822001",
                  "category": "CREDIT",
                  "designCode": "0",
                  "eligibleFor": Array [
                    "CardActivation",
                    "SetPin",
                    "ShowTC",
                  ],
                  "name": "MR PATRICK GLEN WILKINS",
                  "number": "5432397029822001",
                  "primary": true,
                  "productCode": "PCP",
                  "productSubCode": "061",
                  "reissued": false,
                  "status": "",
                  "type": "ANZ Frequent Flyer Platinum Master Card",
                },
              ]
            }
            handleCardSelection={undefined}
          />,
        ],
      },
      "ref": null,
      "rendered": Array [
        Object {
          "instance": null,
          "key": undefined,
          "nodeType": "class",
          "props": Object {
            "children": <styled.h3
              data-test-id="card-Search-Heading"
              proLight={true}
            >
              Select an eligible card below
            </styled.h3>,
          },
          "ref": null,
          "rendered": Object {
            "instance": null,
            "key": undefined,
            "nodeType": "class",
            "props": Object {
              "children": "Select an eligible card below",
              "data-test-id": "card-Search-Heading",
              "proLight": true,
            },
            "ref": null,
            "rendered": "Select an eligible card below",
            "type": [Function],
          },
          "type": [Function],
        },
        Object {
          "instance": null,
          "key": undefined,
          "nodeType": "class",
          "props": Object {
            "children": Array [
              <styled.a>
                <Icon
                  iconName="Search"
                />
              </styled.a>,
              <InputText
                ariaLabel="search text input"
                ariaRequired={false}
                autocapsformat={false}
                data-test-id="card-search-input"
                id="card-search-input"
                inputValue=""
                name="card-search-input"
                onChange={[Function]}
                placeholderText="Filter by card name or number"
              />,
              null,
            ],
          },
          "ref": null,
          "rendered": Array [
            Object {
              "instance": null,
              "key": undefined,
              "nodeType": "class",
              "props": Object {
                "children": <Icon
                  iconName="Search"
                />,
              },
              "ref": null,
              "rendered": Object {
                "instance": null,
                "key": undefined,
                "nodeType": "host",
                "props": Object {
                  "iconName": "Search",
                },
                "ref": null,
                "rendered": null,
                "type": "Icon",
              },
              "type": [Function],
            },
            Object {
              "instance": null,
              "key": undefined,
              "nodeType": "class",
              "props": Object {
                "ariaLabel": "search text input",
                "ariaRequired": false,
                "autocapsformat": false,
                "data-test-id": "card-search-input",
                "id": "card-search-input",
                "inputValue": "",
                "name": "card-search-input",
                "onChange": [Function],
                "placeholderText": "Filter by card name or number",
              },
              "ref": null,
              "rendered": null,
              "type": [Function],
            },
            null,
          ],
          "type": [Function],
        },
        Object {
          "instance": null,
          "key": undefined,
          "nodeType": "class",
          "props": Object {
            "cards": Array [
              Object {
                "activationRequired": false,
                "cardSetID": "4072200010054642",
                "category": "CREDIT",
                "designCode": "0",
                "eligibleFor": Array [
                  "AppleWalletProvisioning",
                  "CardActivation",
                  "SetPin",
                  "ShowTC",
                ],
                "name": "MR PATRICK GLEN WILKINS",
                "number": "4072200010054642",
                "primary": true,
                "productCode": "PCP",
                "productSubCode": "008",
                "reissued": false,
                "status": "",
                "type": "ANZ Frequent Flyer Platinum Visa",
              },
              Object {
                "activationRequired": false,
                "cardSetID": "4622397029822304",
                "category": "DEBIT",
                "designCode": "0",
                "eligibleFor": Array [
                  "CardActivation",
                  "ShowTC",
                  "SetPin",
                ],
                "name": "MR PATRICK GLEN WILKINS",
                "number": "4622397029822304",
                "primary": true,
                "productCode": "PCP",
                "productSubCode": "061",
                "reissued": false,
                "status": "",
                "type": "ANZ Frequent Flyer Platinum Visa",
              },
              Object {
                "activationRequired": false,
                "cardSetID": "5432397029822001",
                "category": "CREDIT",
                "designCode": "0",
                "eligibleFor": Array [
                  "CardActivation",
                  "SetPin",
                  "ShowTC",
                ],
                "name": "MR PATRICK GLEN WILKINS",
                "number": "5432397029822001",
                "primary": true,
                "productCode": "PCP",
                "productSubCode": "061",
                "reissued": false,
                "status": "",
                "type": "ANZ Frequent Flyer Platinum Master Card",
              },
            ],
            "handleCardSelection": undefined,
          },
          "ref": null,
          "rendered": null,
          "type": [Function],
        },
      ],
      "type": [Function],
    },
  ],
  Symbol(enzyme.__options__): Object {
    "adapter": ReactSixteenAdapter {
      "options": Object {
        "enableComponentDidUpdateOnSetState": true,
      },
    },
  },
}
`;
